// Jest Snapshot v1, https://goo.gl/fbAQLP

exports[`renders title  1`] = `ShallowWrapper {}`;
